OPENER ('<')
CF_TAG_NAME ('cfset')
WHITE_SPACE (' ')
COMMENT ('<!---comment--->')
CLOSER ('>')