<div class='definition'><pre><span style="">borderColor</span></pre></div><div class='content'><p>Container's border color</div><table class='sections'><tr><td valign='top' class='section'><p>Declared in:</td><td valign='top'><p>mx.core.Container</td></table><div class='content'><p>UI component's border color</div><table class='sections'><tr><td valign='top' class='section'><p>Declared in:</td><td valign='top'><p>mx.core.UIComponent</td></table><div class='content'><p>Button's border color</div><table class='sections'><tr><td valign='top' class='section'><p>Declared in:</td><td valign='top'><p>mypackage.Button</td></table>