<div class='definition'><pre><span style="">resizeEffect</span></pre></div><div class='content'><p>Color of text in the component, including the component label.</div><table class='sections'><tr><td valign='top' class='section'><p>Default:</td><td valign='top'><p><code style='background-color:#0B333C; color: #ffffff'>0x0B333C</code></table>