(property) <span style="color:#000080;">public&#32;static&#32;function&#32;set&#32;</span><span style="font-style:italic;">xxx.AAA.yyy</span><span style="">(p:Object):&#32;Object</span>