<span style="color:#000080;">var&#32;</span><span style="color:#458383;">xxx</span><span style="">:int</span>