<span style="color:#000080;">public&#32;function&#32;</span><span style="font-style:italic;">xxx.getTimer</span><span style="">()</span>