<span style="color:#000080;">function&#32;</span><span style="font-style:italic;">foo</span><span style="">():&#32;<a href="psi_element://Vector"><a href="psi_element://Vector">Vector</a></a>.&lt;int&gt;</span>