component {
  void function MyFunction(argumentCollectionFoo, arg2) {
    MyFunction(argumentCollectionFoo<caret>);
  }
}