<cfloop>
    <cfset dayNum = 10>
    <cfif>
        <cfoutput>#dayOfWeekAsString(dayNum<caret>)#</cfoutput>
    </cfif>

</cfloop>