<cfset a = createObject("java", "subPackage.MyClass")>
