<cfinclude template="moveOldFile.test.cfml">
<cfinclude template="rename.test.cfml">
<cfinclude template="<error>abacaba.test.cfml</error>">
