<cfscript>
    include "testDir/moveOldFileInScript.test.cfml";

</cfscript>