<cfscript>
    include "newName.test.cfml";

</cfscript>