{
  "AWSTemplateFormatVersion": "2010-09-09",
  "Resources": 0@<["XXX"]>
}

0: Expected JSON object
