<html>
<body>
<cfset aba = "12">
<h1><selection>#aba#</selection></h1>
</body>
</html>
