CfmlFile:dotBracesConstruction.cfml
  Tag
    PsiElement(OPENER)('<')
    PsiElement(CF_TAG_NAME)('cfscript')
    PsiElement(R_ANGLEBRACKET)('>')
    FunctionCallExpression
      ReferenceExpression
        PsiElement(SCOPE_KEYWORD)('request')
        PsiElement(POINT)('.')
        PsiElement(IDENTIFIER)('get')
      ArgumentList
        PsiElement(L_BRACKET)('(')
        StringLiteral
          PsiElement(DOUBLE_QUOTE)('"')
          PsiElement(STRING_TEXT)('test')
          PsiElement(DOUBLE_QUOTE_CLOSER)('"')
        PsiElement(R_BRACKET)(')')
    PsiElement(SEMICOLON)(';')
    PsiElement(LSLASH_ANGLEBRACKET)('</')
    PsiElement(CF_TAG_NAME)('cfscript')
    PsiElement(CLOSER)('>')