<div class='definition'><pre>Vue directive argument</pre></div>
<div class='content'>
<p>Cool argument</p>
</div><table class='sections'>
<tr><td valign='top' class='section'><p>Pattern:</td><td valign='top'>\[a-z]*\</td>
<tr><td valign='top' class='section'><p>Library:</td><td valign='top'><p>test-lib@2.0.0-rc.24</td>
</table>