<div class='definition'><pre>ba###</pre></div>
<div class='content'>
<p>Bar is pattern with static prefix</p>
</div><table class='sections'>
<tr><td valign='top' class='section'><p>Pattern:</td><td valign='top'>\ba[0-9]{3}\</td>
<tr><td valign='top' class='section'><p>Library:</td><td valign='top'><p>test-lib@2.0.0-rc.24</td>
</table>