<div class='definition'><pre>myFilter</pre></div><div class='content'><p>Filter <i>description</i>.</p></div><table class='sections'><tr><td valign='top' class='section'><p>Library:</td><td valign='top'><p>test-lib</td></table>