<div class='definition'><pre>slot</pre></div>
<div class='content'>
<p><b>Prefer v-slot in 2.6.0+</b></p><p>Used on content inserted into child components to indicate which named slot the content belongs to.</p>
</div><table class='sections'>
<tr><td valign='top' class='section'><p>Deprecated</td>
<tr><td valign='top' class='section'><p>Library:</td><td valign='top'><p>vue@2.6.10</td>
</table>