<div class='definition'><pre><span style="">msg:&#32;</span><span style="color:#000080;">string</span></pre></div><table class='sections'><tr><td valign='top'><icon src='AllIcons.FileTypes.JavaScript'/>&nbsp;NotRequiredPropertyTS.vue</td></table>