<div class='definition'><pre>src</pre></div>
<div class='content'>The image
<a href="https://developer.mozilla.org/en-us/docs/Glossary/URL">URL</a>
. Mandatory for the
<code>&lt;img&gt;</code>
element. On
<a href="https://developer.mozilla.org/en-us/docs/Glossary/Browser">browsers</a>
supporting
<code>srcset</code>
,
<code>src</code>
is treated like a candidate image with a pixel density descriptor
<code>1x</code>
, unless an image with this pixel density descriptor is already defined in
<code>srcset</code>
, or unless
<code>srcset</code>
contains
<code>w</code>
descriptors.</div>
<div class='content'>By <a href='https://developer.mozilla.org/en-us/docs/web/html/element/img#attr-src/contributors.txt'>Mozilla Contributors</a>, <a href='https://creativecommons.org/licenses/by-sa/2.5/'>CC BY-SA 2.5</a></div>